== Dezarhivez pack-ul original ==
== CLIENT lite (.mrpack) - toate modurile originale pastrate ==
  + entityculling-forge-mc1.16.5-1.5.2.jar
  + FpsReducer-forge-1.24-mc1.16.5.jar
  + memoryleakfix-forge-pre1.17-1.1.5.jar
  !! 'starlight-forge' sarit (client): nicio versiune
  => out/Freeroam-Lite-Client-1.2.0-lite.mrpack (147.8 MB)
== Moduri de server (comune) ==
  ↓ mapperbase-1.16.5-2.4.0.0.jar
  ↓ supplementaries-1.16.5-0.18.4b.jar
  - scot (client-only): TextruesRubidiumOptions-1.0.8-mc1.16.5.jar
  ↓ modernfix-forge-5.18.0+mc1.16.5.jar
  ↓ player-animation-lib-forge-0.4.0+1.16.5.jar
  ↓ ferritecore-2.1.1-forge.jar
  ↓ emotecraft-for-MC1.16.5-2.2.7-b.build.47-forge.jar
  - scot (client-only): InGameAccountSwitcher-Forge-1.16-8.0.1.jar
  ↓ roadstuff-1.16.5-4.3.0.jar
  - scot (client-only): rubidium-mc1.16.5-0.2.13.jar
  - scot (client-only): oculus-mc1.16.5-1.4.7.jar
  ↓ selene-1.16.5-1.9.0.jar
  ↓ voicechat-forge-1.16.5-2.3.23.jar
  + perf: Clumps-6.0.0.28.jar [modrinth]
  + perf: memoryleakfix-forge-pre1.17-1.1.5.jar [modrinth]
    (modrinth: starlight-forge -> nicio versiune)
    (curseforge: starlight-forge -> HTTP Error 404: Not Found)
  !! 'starlight-forge' sarit (nu exista pt 1.16.5 forge nicaieri)
  + perf: AI-Improvements-1.16.5-0.5.0.jar [modrinth]
    (modrinth: roadrunner -> HTTP Error 404: Not Found)
  + perf: RoadRunner-mc1.16.5-1.5.2.jar [curseforge]
  + perf: radon-0.8.0a.jar [modrinth]
    (modrinth: fastfurnace -> nicio versiune)
  + perf: FastFurnace-1.16.5-4.5.0.jar [curseforge]
    (modrinth: fastworkbench -> nicio versiune)
  + perf: FastWorkbench-1.16.5-4.6.2.jar [curseforge]
    (modrinth: smooth-boot-reloaded -> nicio versiune)
    (curseforge: smooth-boot-reloaded -> niciun fisier compatibil)
  !! 'smooth-boot-reloaded' sarit (nu exista pt 1.16.5 forge nicaieri)
  + perf: saturn-mc1.16.5-0.0.3.jar [modrinth]
== SERVER MaxLite (Forge pur - consum minim) ==
  + comenzi: ftb-library-forge-1605.3.5-build.724.jar [ftb-maven]
    (modrinth: ftb-essentials -> HTTP Error 404: Not Found)
  + comenzi: ftb-essentials-1605.1.5-build.32.jar [curseforge]
Traceback (most recent call last):
  File "/usr/lib/python3.12/urllib/request.py", line 1344, in do_open
    h.request(req.get_method(), req.selector, req.data, headers,
  File "/usr/lib/python3.12/http/client.py", line 1365, in request
    self._send_request(method, url, body, headers, encode_chunked)
  File "/usr/lib/python3.12/http/client.py", line 1411, in _send_request
    self.endheaders(body, encode_chunked=encode_chunked)
  File "/usr/lib/python3.12/http/client.py", line 1360, in endheaders
    self._send_output(message_body, encode_chunked=encode_chunked)
  File "/usr/lib/python3.12/http/client.py", line 1120, in _send_output
    self.send(msg)
  File "/usr/lib/python3.12/http/client.py", line 1064, in send
    self.connect()
  File "/usr/lib/python3.12/http/client.py", line 1506, in connect
    self.sock = self._context.wrap_socket(self.sock,
                ^^^^^^^^^^^^^^^^^^^^^^^^^^^^^^^^^^^^
  File "/usr/lib/python3.12/ssl.py", line 455, in wrap_socket
    return self.sslsocket_class._create(
           ^^^^^^^^^^^^^^^^^^^^^^^^^^^^^
  File "/usr/lib/python3.12/ssl.py", line 1042, in _create
    self.do_handshake()
  File "/usr/lib/python3.12/ssl.py", line 1320, in do_handshake
    self._sslobj.do_handshake()
ConnectionResetError: [Errno 104] Connection reset by peer

During handling of the above exception, another exception occurred:

Traceback (most recent call last):
  File "/home/runner/work/ServerRolePlayLite/ServerRolePlayLite/scripts/build_lite.py", line 511, in <module>
    main()
  File "/home/runner/work/ServerRolePlayLite/ServerRolePlayLite/scripts/build_lite.py", line 400, in main
    download(info["url"], os.path.join(s1, "mods", info["filename"]))
  File "/home/runner/work/ServerRolePlayLite/ServerRolePlayLite/scripts/build_lite.py", line 42, in download
    with urllib.request.urlopen(req, timeout=600) as r, open(dest, "wb") as f:
         ^^^^^^^^^^^^^^^^^^^^^^^^^^^^^^^^^^^^^^^^
  File "/usr/lib/python3.12/urllib/request.py", line 215, in urlopen
    return opener.open(url, data, timeout)
           ^^^^^^^^^^^^^^^^^^^^^^^^^^^^^^^
  File "/usr/lib/python3.12/urllib/request.py", line 515, in open
    response = self._open(req, data)
               ^^^^^^^^^^^^^^^^^^^^^
  File "/usr/lib/python3.12/urllib/request.py", line 532, in _open
    result = self._call_chain(self.handle_open, protocol, protocol +
             ^^^^^^^^^^^^^^^^^^^^^^^^^^^^^^^^^^^^^^^^^^^^^^^^^^^^^^^
  File "/usr/lib/python3.12/urllib/request.py", line 492, in _call_chain
    result = func(*args)
             ^^^^^^^^^^^
  File "/usr/lib/python3.12/urllib/request.py", line 1392, in https_open
    return self.do_open(http.client.HTTPSConnection, req,
           ^^^^^^^^^^^^^^^^^^^^^^^^^^^^^^^^^^^^^^^^^^^^^^
  File "/usr/lib/python3.12/urllib/request.py", line 1347, in do_open
    raise URLError(err)
urllib.error.URLError: <urlopen error [Errno 104] Connection reset by peer>
