+ ls -la pack.mrpack
-rw-r--r-- 1 runner runner 147809645 Oct  7 18:44 pack.mrpack
+ file pack.mrpack
pack.mrpack: Zip archive data, at least v2.0 to extract, compression method=deflate
+ mkdir -p work
+ cd work
+ unzip -q ../pack.mrpack
+ echo '--- structura top-level:'
--- structura top-level:
+ ls -la work
total 20
drwxr-xr-x 3 runner runner 4096 Oct  7 18:44 .
drwxr-xr-x 7 runner runner 4096 Oct  7 18:44 ..
---------- 1 runner runner 7297 Dec 31  1979 modrinth.index.json
drwxr-xr-x 3 runner runner 4096 Oct  7 18:44 overrides
+ cp work/modrinth.index.json analysis/
cp: cannot open 'work/modrinth.index.json' for reading: Permission denied
+ echo NO_INDEX
NO_INDEX
+ cd work
+ find . -type f -printf '%s\t%p\n'
+ sort '-t	' -k2
+ cd work
+ find . -name '*.jar' -exec sha1sum '{}' ';'
sha1sum: ./overrides/mods/lazydfu-0.1.3.jar: Permission denied
sha1sum: ./overrides/mods/notenoughanimations-1.2.4.jar: Permission denied
sha1sum: ./overrides/mods/lightfallclient-1.0.0.jar: Permission denied
sha1sum: ./overrides/mods/additional-guns-0.7.1-1.16.5.jar: Permission denied
sha1sum: './overrides/mods/vehicle-mod-0.45.2-1.16.5 (1).jar': Permission denied
sha1sum: ./overrides/mods/DynamicSurroundings-1.16.5-4.0.5.0.jar: Permission denied
sha1sum: ./overrides/mods/CTM-MC1.16.1-1.1.2.6.jar: Permission denied
sha1sum: ./overrides/mods/pamhc2foodcore-1.16.3-1.0.2.jar: Permission denied
sha1sum: './overrides/mods/Modernxl 1.16.5.jar': Permission denied
sha1sum: ./overrides/mods/obfuscate-0.6.3-1.16.5.jar: Permission denied
sha1sum: ./overrides/mods/cgm-1.2.6-1.16.5.jar: Permission denied
sha1sum: ./overrides/mods/cfm-7.0.0pre22-1.16.3.jar: Permission denied
sha1sum: ./overrides/mods/Pizzaland_v68.jar: Permission denied
sha1sum: ./overrides/mods/TRansliterationLib-1.0.4.jar: Permission denied
sha1sum: ./overrides/mods/modernlife-1.16.5-1.15.jar: Permission denied
+ for d in overrides client-overrides server-overrides
+ '[' -d work/overrides ']'
+ cd work
+ zip -q -r ../analysis/overrides-configs.zip overrides -x '*.jar'
+ for d in overrides client-overrides server-overrides
+ '[' -d work/client-overrides ']'
+ for d in overrides client-overrides server-overrides
+ '[' -d work/server-overrides ']'
+ '[' -f analysis/overrides-configs.zip ']'
++ stat -c%s analysis/overrides-configs.zip
+ '[' 328 -gt 95000000 ']'
+ mkdir -p analysis/override-jars
+ cd work
+ find . -name '*.jar' -type f
+ read -r j
++ stat -c%s work/./overrides/mods/lazydfu-0.1.3.jar
+ sz=15258
++ basename ./overrides/mods/lazydfu-0.1.3.jar
+ base=lazydfu-0.1.3.jar
+ '[' 15258 -le 95000000 ']'
+ cp work/./overrides/mods/lazydfu-0.1.3.jar analysis/override-jars/lazydfu-0.1.3.jar
cp: cannot open 'work/./overrides/mods/lazydfu-0.1.3.jar' for reading: Permission denied
+ true
+ read -r j
++ stat -c%s work/./overrides/mods/notenoughanimations-1.2.4.jar
+ sz=308348
++ basename ./overrides/mods/notenoughanimations-1.2.4.jar
+ base=notenoughanimations-1.2.4.jar
+ '[' 308348 -le 95000000 ']'
+ cp work/./overrides/mods/notenoughanimations-1.2.4.jar analysis/override-jars/notenoughanimations-1.2.4.jar
cp: cannot open 'work/./overrides/mods/notenoughanimations-1.2.4.jar' for reading: Permission denied
+ true
+ read -r j
++ stat -c%s work/./overrides/mods/lightfallclient-1.0.0.jar
+ sz=10739
++ basename ./overrides/mods/lightfallclient-1.0.0.jar
+ base=lightfallclient-1.0.0.jar
+ '[' 10739 -le 95000000 ']'
+ cp work/./overrides/mods/lightfallclient-1.0.0.jar analysis/override-jars/lightfallclient-1.0.0.jar
cp: cannot open 'work/./overrides/mods/lightfallclient-1.0.0.jar' for reading: Permission denied
+ true
+ read -r j
++ stat -c%s work/./overrides/mods/additional-guns-0.7.1-1.16.5.jar
+ sz=928692
++ basename ./overrides/mods/additional-guns-0.7.1-1.16.5.jar
+ base=additional-guns-0.7.1-1.16.5.jar
+ '[' 928692 -le 95000000 ']'
+ cp work/./overrides/mods/additional-guns-0.7.1-1.16.5.jar analysis/override-jars/additional-guns-0.7.1-1.16.5.jar
cp: cannot open 'work/./overrides/mods/additional-guns-0.7.1-1.16.5.jar' for reading: Permission denied
+ true
+ read -r j
++ stat -c%s 'work/./overrides/mods/vehicle-mod-0.45.2-1.16.5 (1).jar'
+ sz=6655083
++ basename './overrides/mods/vehicle-mod-0.45.2-1.16.5 (1).jar'
+ base='vehicle-mod-0.45.2-1.16.5 (1).jar'
+ '[' 6655083 -le 95000000 ']'
+ cp 'work/./overrides/mods/vehicle-mod-0.45.2-1.16.5 (1).jar' 'analysis/override-jars/vehicle-mod-0.45.2-1.16.5 (1).jar'
cp: cannot open 'work/./overrides/mods/vehicle-mod-0.45.2-1.16.5 (1).jar' for reading: Permission denied
+ true
+ read -r j
++ stat -c%s work/./overrides/mods/DynamicSurroundings-1.16.5-4.0.5.0.jar
+ sz=14746751
++ basename ./overrides/mods/DynamicSurroundings-1.16.5-4.0.5.0.jar
+ base=DynamicSurroundings-1.16.5-4.0.5.0.jar
+ '[' 14746751 -le 95000000 ']'
+ cp work/./overrides/mods/DynamicSurroundings-1.16.5-4.0.5.0.jar analysis/override-jars/DynamicSurroundings-1.16.5-4.0.5.0.jar
cp: cannot open 'work/./overrides/mods/DynamicSurroundings-1.16.5-4.0.5.0.jar' for reading: Permission denied
+ true
+ read -r j
++ stat -c%s work/./overrides/mods/CTM-MC1.16.1-1.1.2.6.jar
+ sz=186068
++ basename ./overrides/mods/CTM-MC1.16.1-1.1.2.6.jar
+ base=CTM-MC1.16.1-1.1.2.6.jar
+ '[' 186068 -le 95000000 ']'
+ cp work/./overrides/mods/CTM-MC1.16.1-1.1.2.6.jar analysis/override-jars/CTM-MC1.16.1-1.1.2.6.jar
cp: cannot open 'work/./overrides/mods/CTM-MC1.16.1-1.1.2.6.jar' for reading: Permission denied
+ true
+ read -r j
++ stat -c%s work/./overrides/mods/pamhc2foodcore-1.16.3-1.0.2.jar
+ sz=328828
++ basename ./overrides/mods/pamhc2foodcore-1.16.3-1.0.2.jar
+ base=pamhc2foodcore-1.16.3-1.0.2.jar
+ '[' 328828 -le 95000000 ']'
+ cp work/./overrides/mods/pamhc2foodcore-1.16.3-1.0.2.jar analysis/override-jars/pamhc2foodcore-1.16.3-1.0.2.jar
cp: cannot open 'work/./overrides/mods/pamhc2foodcore-1.16.3-1.0.2.jar' for reading: Permission denied
+ true
+ read -r j
++ stat -c%s 'work/./overrides/mods/Modernxl 1.16.5.jar'
+ sz=37979285
++ basename './overrides/mods/Modernxl 1.16.5.jar'
+ base='Modernxl 1.16.5.jar'
+ '[' 37979285 -le 95000000 ']'
+ cp 'work/./overrides/mods/Modernxl 1.16.5.jar' 'analysis/override-jars/Modernxl 1.16.5.jar'
cp: cannot open 'work/./overrides/mods/Modernxl 1.16.5.jar' for reading: Permission denied
+ true
+ read -r j
++ stat -c%s work/./overrides/mods/obfuscate-0.6.3-1.16.5.jar
+ sz=142536
++ basename ./overrides/mods/obfuscate-0.6.3-1.16.5.jar
+ base=obfuscate-0.6.3-1.16.5.jar
+ '[' 142536 -le 95000000 ']'
+ cp work/./overrides/mods/obfuscate-0.6.3-1.16.5.jar analysis/override-jars/obfuscate-0.6.3-1.16.5.jar
cp: cannot open 'work/./overrides/mods/obfuscate-0.6.3-1.16.5.jar' for reading: Permission denied
+ true
+ read -r j
++ stat -c%s work/./overrides/mods/cgm-1.2.6-1.16.5.jar
+ sz=1607217
++ basename ./overrides/mods/cgm-1.2.6-1.16.5.jar
+ base=cgm-1.2.6-1.16.5.jar
+ '[' 1607217 -le 95000000 ']'
+ cp work/./overrides/mods/cgm-1.2.6-1.16.5.jar analysis/override-jars/cgm-1.2.6-1.16.5.jar
cp: cannot open 'work/./overrides/mods/cgm-1.2.6-1.16.5.jar' for reading: Permission denied
+ true
+ read -r j
++ stat -c%s work/./overrides/mods/cfm-7.0.0pre22-1.16.3.jar
+ sz=2033912
++ basename ./overrides/mods/cfm-7.0.0pre22-1.16.3.jar
+ base=cfm-7.0.0pre22-1.16.3.jar
+ '[' 2033912 -le 95000000 ']'
+ cp work/./overrides/mods/cfm-7.0.0pre22-1.16.3.jar analysis/override-jars/cfm-7.0.0pre22-1.16.3.jar
cp: cannot open 'work/./overrides/mods/cfm-7.0.0pre22-1.16.3.jar' for reading: Permission denied
+ true
+ read -r j
++ stat -c%s work/./overrides/mods/Pizzaland_v68.jar
+ sz=84843793
++ basename ./overrides/mods/Pizzaland_v68.jar
+ base=Pizzaland_v68.jar
+ '[' 84843793 -le 95000000 ']'
+ cp work/./overrides/mods/Pizzaland_v68.jar analysis/override-jars/Pizzaland_v68.jar
cp: cannot open 'work/./overrides/mods/Pizzaland_v68.jar' for reading: Permission denied
+ true
+ read -r j
++ stat -c%s work/./overrides/mods/TRansliterationLib-1.0.4.jar
+ sz=922991
++ basename ./overrides/mods/TRansliterationLib-1.0.4.jar
+ base=TRansliterationLib-1.0.4.jar
+ '[' 922991 -le 95000000 ']'
+ cp work/./overrides/mods/TRansliterationLib-1.0.4.jar analysis/override-jars/TRansliterationLib-1.0.4.jar
cp: cannot open 'work/./overrides/mods/TRansliterationLib-1.0.4.jar' for reading: Permission denied
+ true
+ read -r j
++ stat -c%s work/./overrides/mods/modernlife-1.16.5-1.15.jar
+ sz=3691924
++ basename ./overrides/mods/modernlife-1.16.5-1.15.jar
+ base=modernlife-1.16.5-1.15.jar
+ '[' 3691924 -le 95000000 ']'
+ cp work/./overrides/mods/modernlife-1.16.5-1.15.jar analysis/override-jars/modernlife-1.16.5-1.15.jar
cp: cannot open 'work/./overrides/mods/modernlife-1.16.5-1.15.jar' for reading: Permission denied
+ true
+ read -r j
+ rmdir analysis/override-jars
+ rm -rf work pack.mrpack
+ du -sh analysis
24K	analysis
+ ls -la analysis
total 28
drwxr-xr-x 2 runner runner 4096 Oct  7 18:44 .
drwxr-xr-x 6 runner runner 4096 Oct  7 18:44 ..
-rw-r--r-- 1 runner runner 8786 Oct  7 18:44 extract-debug.log
-rw-r--r-- 1 runner runner  800 Oct  7 18:44 files-listing.tsv
-rw-r--r-- 1 runner runner    0 Oct  7 18:44 override-jars-sha1.txt
-rw-r--r-- 1 runner runner  328 Oct  7 18:44 overrides-configs.zip
+ true
