[16:01:46] [Server thread/INFO]: Shutting down locating executor service
[16:01:46] [Server thread/INFO]: Saved 0 license plates
[16:01:46] [Server thread/INFO]: CarClear: 0 | true
[16:01:46] [Server thread/INFO]: Stopping server
[16:01:46] [Server thread/INFO]: [FastLogin] Disabling FastLogin v1.12-SNAPSHOT-65a379c
[16:01:46] [Server thread/INFO]: [FastLogin] Safely shutting down scheduler. This could take up to one minute.
[16:01:46] [Server thread/INFO]: FastLogin - Shutdown initiated...
[16:01:46] [Server thread/INFO]: FastLogin - Shutdown completed.
[16:01:46] [Server thread/INFO]: [AuthMe] Disabling AuthMe v5.6.0-bCUSTOM
[16:01:46] [Server thread/INFO]: [AuthMe] Waiting for 0 tasks to finish
[16:01:46] [Server thread/INFO]: [AuthMe] AuthMe 5.6.0-bCUSTOM disabled!
[16:01:46] [Server thread/INFO]: Disabling EssentialsProtect v2.19.7
[16:01:46] [Server thread/INFO]: [ClaimChunk] Disabling ClaimChunk v0.0.21
[16:01:46] [Server thread/INFO]: [ClaimChunk] Finished disable.
[16:01:46] [Server thread/INFO]: [WorldGuard] Disabling WorldGuard v7.0.5+3827266
[16:01:46] [Server thread/INFO]: [WorldGuard] Shutting down executor and cancelling any pending tasks...
[16:01:46] [Server thread/INFO]: Disabling EssentialsSpawn v2.19.7
[16:01:46] [Server thread/INFO]: Disabling EssentialsAntiBuild v2.19.7
[16:01:46] [Server thread/INFO]: Disabling EssentialsChat v2.19.7
[16:01:46] [Server thread/INFO]: Disabling Essentials v2.19.7
[16:01:46] [Server thread/INFO]: [Vault] [Economy] Essentials Economy unhooked.
[16:01:46] [Server thread/INFO]: [SkinsRestorer] Disabling SkinsRestorer v14.2.12
[16:01:46] [Server thread/INFO]: [WorldEdit] Disabling WorldEdit v7.2.5+57d5ac9
[16:01:46] [Server thread/INFO]: Unregistering com.sk89q.worldedit.bukkit.BukkitServerInterface from WorldEdit
[16:01:46] [Server thread/INFO]: [ProtocolLib] Disabling ProtocolLib v4.8.0
[16:01:46] [Server thread/INFO]: [Vault] Disabling Vault v1.7.3-b131
[16:01:46] [Server thread/INFO]: [Chunky] Disabling Chunky v1.2.217
[16:01:46] [Server thread/INFO]: [LuckPerms] Disabling LuckPerms v5.5.71
[16:01:46] [Server thread/INFO]: [LuckPerms] Starting shutdown process...
[16:01:46] [Server thread/INFO]: [LuckPerms] Closing storage...
[16:01:46] [Server thread/INFO]: [LuckPerms] Goodbye!
[16:01:46] [Server thread/INFO]: Saving players
[16:01:46] [Server thread/INFO]: Saving worlds
[16:01:46] [Server thread/INFO]: Saving chunks for level 'ServerLevel[world]'/minecraft:overworld
[16:01:46] [Server thread/INFO]: ThreadedAnvilChunkStorage (world): All chunks are saved
[16:01:46] [Server thread/INFO]: Saving chunks for level 'ServerLevel[DIM-1]'/minecraft:the_nether
[16:01:46] [Server thread/INFO]: ThreadedAnvilChunkStorage (DIM-1): All chunks are saved
[16:01:46] [Server thread/INFO]: Saving chunks for level 'ServerLevel[DIM1]'/minecraft:the_end
[16:01:46] [Server thread/INFO]: ThreadedAnvilChunkStorage (DIM1): All chunks are saved
[16:01:46] [Server thread/INFO]: Saving usercache.json
