[08:08:34 WARN]: 	at org.bukkit.plugin.java.JavaPlugin.setEnabled(JavaPlugin.java:263)
[08:08:34 WARN]: 	at org.bukkit.plugin.java.JavaPluginLoader.enablePlugin(JavaPluginLoader.java:337)
[08:08:34 WARN]: 	at org.bukkit.plugin.SimplePluginManager.enablePlugin(SimplePluginManager.java:481)
[08:08:34 WARN]: 	at org.bukkit.craftbukkit.v1_16_R3.CraftServer.enablePlugin(CraftServer.java:409)
[08:08:34 WARN]: 	at org.bukkit.craftbukkit.v1_16_R3.CraftServer.enablePlugins(CraftServer.java:323)
[08:08:34 WARN]: 	at net.minecraft.server.MinecraftServer.func_240787_a_(MinecraftServer.java:394)
[08:08:34 WARN]: 	at net.minecraft.server.MinecraftServer.func_240800_l__(MinecraftServer.java:313)
[08:08:34 WARN]: 	at net.minecraft.server.dedicated.DedicatedServer.func_71197_b(DedicatedServer.java:217)
[08:08:34 WARN]: 	at net.minecraft.server.MinecraftServer.func_240802_v_(MinecraftServer.java:743)
[08:08:34 WARN]: 	at net.minecraft.server.MinecraftServer.func_240783_a_(MinecraftServer.java:233)
[08:08:34 WARN]: 	at java.base/java.lang.Thread.run(Thread.java:829)
[08:08:34 ERROR]: Error occurred while enabling FastLogin v1.12-SNAPSHOT-65a379c (Is it up to date?)
java.lang.NoClassDefFoundError: com/github/games647/craftapi/resolver/ratelimiter/TickingRateLimiter
	at com.github.games647.craftapi.resolver.MojangResolver.<init>(MojangResolver.java:71) ~[?:?]
	at com.github.games647.fastlogin.core.ProxyAgnosticMojangResolver.<init>(ProxyAgnosticMojangResolver.java:47) ~[?:?]
	at com.github.games647.fastlogin.core.shared.FastLoginCore.load(FastLoginCore.java:149) ~[?:?]
	at com.github.games647.fastlogin.bukkit.FastLoginBukkit.onEnable(FastLoginBukkit.java:95) ~[?:?]
	at org.bukkit.plugin.java.JavaPlugin.setEnabled(JavaPlugin.java:263) ~[forge:?]
	at org.bukkit.plugin.java.JavaPluginLoader.enablePlugin(JavaPluginLoader.java:337) ~[forge:?]
	at org.bukkit.plugin.SimplePluginManager.enablePlugin(SimplePluginManager.java:481) ~[forge:?]
	at org.bukkit.craftbukkit.v1_16_R3.CraftServer.enablePlugin(CraftServer.java:409) ~[forge:7e29f765-296df566-9fb885e8]
	at org.bukkit.craftbukkit.v1_16_R3.CraftServer.enablePlugins(CraftServer.java:323) ~[forge:7e29f765-296df566-9fb885e8]
	at net.minecraft.server.MinecraftServer.func_240787_a_(MinecraftServer.java:394) ~[?:?]
	at net.minecraft.server.MinecraftServer.func_240800_l__(MinecraftServer.java:313) ~[?:?]
	at net.minecraft.server.dedicated.DedicatedServer.func_71197_b(DedicatedServer.java:217) ~[?:?]
	at net.minecraft.server.MinecraftServer.func_240802_v_(MinecraftServer.java:743) ~[?:?]
	at net.minecraft.server.MinecraftServer.func_240783_a_(MinecraftServer.java:233) ~[?:?]
	at java.lang.Thread.run(Thread.java:829) [?:?]
Caused by: java.lang.ClassNotFoundException: com.github.games647.craftapi.resolver.ratelimiter.TickingRateLimiter
	at org.bukkit.plugin.java.PluginClassLoader.loadClass0(PluginClassLoader.java:148) ~[forge:?]
	at org.bukkit.plugin.java.PluginClassLoader.loadClass(PluginClassLoader.java:107) ~[forge:?]
	at java.lang.ClassLoader.loadClass(ClassLoader.java:527) ~[?:?]
	... 15 more
[08:08:35 INFO]: Preparing start region for dimension minecraft:overworld
[08:08:35 INFO]: Preparing spawn area: 0%
[08:08:37 INFO]: Preparing spawn area: 1%
[08:08:38 INFO]: Preparing spawn area: 2%
[08:08:38 INFO]: Preparing spawn area: 3%
[08:08:39 INFO]: Preparing spawn area: 4%
[08:08:40 INFO]: Preparing spawn area: 5%
[08:08:40 INFO]: Preparing spawn area: 6%
[08:08:41 INFO]: Preparing spawn area: 7%
[08:08:42 INFO]: Preparing spawn area: 8%
[08:08:42 INFO]: Preparing spawn area: 9%
[08:08:43 INFO]: Preparing spawn area: 10%
[08:08:44 INFO]: Preparing spawn area: 11%
[08:08:45 INFO]: Preparing spawn area: 12%
[08:08:45 INFO]: Preparing spawn area: 13%
[08:08:46 INFO]: Preparing spawn area: 14%
[08:08:46 INFO]: Preparing spawn area: 15%
[08:08:47 INFO]: Preparing spawn area: 16%
[08:08:47 INFO]: Preparing spawn area: 17%
[08:08:48 INFO]: Preparing spawn area: 18%
[08:08:48 INFO]: Preparing spawn area: 19%
[08:08:49 INFO]: Preparing spawn area: 21%
[08:08:49 INFO]: Preparing spawn area: 22%
[08:08:50 INFO]: Preparing spawn area: 23%
[08:08:51 INFO]: Preparing spawn area: 25%
[08:08:51 INFO]: Preparing spawn area: 27%
[08:08:52 INFO]: Preparing spawn area: 30%
[08:08:52 INFO]: Preparing spawn area: 32%
[08:08:53 INFO]: Preparing spawn area: 33%
[08:08:53 INFO]: Preparing spawn area: 36%
[08:08:54 INFO]: Preparing spawn area: 39%
[08:08:54 INFO]: Preparing spawn area: 42%
[08:08:55 INFO]: Preparing spawn area: 44%
[08:08:55 INFO]: Preparing spawn area: 46%
[08:08:56 INFO]: Preparing spawn area: 51%
[08:08:56 INFO]: Preparing spawn area: 54%
[08:08:57 INFO]: Preparing spawn area: 57%
[08:08:57 INFO]: Preparing spawn area: 59%
[08:08:58 INFO]: Preparing spawn area: 62%
[08:08:58 INFO]: Preparing spawn area: 66%
[08:08:59 INFO]: Preparing spawn area: 69%
[08:08:59 INFO]: Preparing spawn area: 72%
[08:09:00 INFO]: Preparing spawn area: 75%
[08:09:00 INFO]: Preparing spawn area: 79%
[08:09:01 INFO]: Preparing spawn area: 82%
[08:09:01 INFO]: Preparing spawn area: 84%
[08:09:02 INFO]: Preparing spawn area: 88%
[08:09:02 INFO]: Preparing spawn area: 93%
[08:09:03 INFO]: Preparing spawn area: 96%
[08:09:03 INFO]: Time elapsed: 28,399 ms
[08:09:03 INFO]: Done (52.277s)! For help, type "help"
[08:09:03 WARN]: Could not load any license plate
[08:09:03 WARN]: Garagenordner nicht gefunden!
[08:09:03 WARN]: Running in offline mode - Voice chat encryption is not secure!
[08:09:03 INFO]: Successfully initialized RadioManager
[08:09:03 INFO]: Server started at port 24454
[08:09:03 INFO]: Timings Reset
[08:09:03 INFO]: Essentials found a compatible payment resolution method: Vault Compatibility Layer (v1.7.3-b131)!
[08:09:03 INFO]: §6Fetching version information...
[08:09:03 INFO]: [AuthMe] Downloading GEO IP database, because the old database is older than 30 days or doesn't exist
[08:09:03 WARN]: [AuthMe] No MaxMind credentials found in the configuration file! GeoIp protections will be disabled.
[08:09:03 INFO]: [AuthMe] There is no newer GEO IP database uploaded to MaxMind. Using the old one for now.
[08:09:03 WARN]: [AuthMe] Could not download GeoLiteAPI database [FileNotFoundException]: plugins/AuthMe/GeoLite2-Country.mmdb (No such file or directory)
[08:09:04 INFO]: [33;1m[[32;22mSkinsRestorer[33;1m] [0;39m[GitHubUpdate] Downloading update...[0;39m
[08:09:04 INFO]: [33;1m[[32;22mSkinsRestorer[33;1m] [0;39m[32;1m----------------------------------------------[0;39m
[08:09:04 INFO]: [33;1m[[32;22mSkinsRestorer[33;1m] [0;39m[32;1m    +==================+[0;39m
[08:09:04 INFO]: [33;1m[[32;22mSkinsRestorer[33;1m] [0;39m[32;1m    |   SkinsRestorer  |[0;39m
[08:09:04 INFO]: [33;1m[[32;22mSkinsRestorer[33;1m] [0;39m[32;1m    |------------------|[0;39m
[08:09:04 INFO]: [33;1m[[32;22mSkinsRestorer[33;1m] [0;39m[32;1m    |  [34;1m[4m[21mStandalone Mode[0;39m[32;1m |[0;39m
[08:09:04 INFO]: [33;1m[[32;22mSkinsRestorer[33;1m] [0;39m[32;1m    +==================+[0;39m
[08:09:04 INFO]: [33;1m[[32;22mSkinsRestorer[33;1m] [0;39m[32;1m----------------------------------------------[0;39m
[08:09:04 INFO]: [33;1m[[32;22mSkinsRestorer[33;1m] [0;39m[36;1m    Current version: [31;1m14.2.12[0;39m
[08:09:04 INFO]: [33;1m[[32;22mSkinsRestorer[33;1m] [0;39m[36;1m    New version: [31;1m15.12.6[0;39m
[08:09:04 INFO]: [33;1m[[32;22mSkinsRestorer[33;1m] [0;39m    A new version is available! Downloading it now...[0;39m
[08:09:04 INFO]: [33;1m[[32;22mSkinsRestorer[33;1m] [0;39m    Update downloaded successfully, it will be applied on the next restart.[0;39m
[08:09:04 INFO]: [33;1m[[32;22mSkinsRestorer[33;1m] [0;39m[32;1m----------------------------------------------[0;39m
[08:09:04 INFO]: [Vault] Checking for Updates ... 
[08:09:04 INFO]: [Vault] No new version available
[08:09:05 INFO]: [33;1m[[32;22mSkinsRestorer[33;1m] [0;39m[GitHubUpdate] Update saved as plugins/update/SkinsRestorer.jar[0;39m
[08:09:05 WARN]: §4There is a new EssentialsX version available for download: §c2.22.0§4.
[08:09:05 WARN]: §4Download it here:§c https://essentialsx.net/downloads.html?branch=stable
[08:09:06 INFO]: [ProtocolLib] The updater found an update: 5.4.0 (Running 4.8.0). Download at https://www.spigotmc.org/resources/protocollib.1997/
[08:09:08 INFO]: [ClaimChunk] An update for ClaimChunk is available! Your version: 0.0.21 | Latest version: 0.0.25-FIX1
[08:09:12 INFO]: Stopping the server
[08:09:12 INFO]: Saved 0 license plates
[08:09:12 INFO]: CarClear: 0 | true
[08:09:12 INFO]: Stopping server
[08:09:12 INFO]: [FastLogin] Disabling FastLogin v1.12-SNAPSHOT-65a379c
[08:09:12 INFO]: [FastLogin] Safely shutting down scheduler. This could take up to one minute.
[08:09:12 INFO]: [AuthMe] Disabling AuthMe v5.6.0-bCUSTOM
[08:09:12 INFO]: [AuthMe] Waiting for 0 tasks to finish
[08:09:12 INFO]: [AuthMe] AuthMe 5.6.0-bCUSTOM disabled!
[08:09:12 INFO]: Disabling EssentialsProtect v2.19.7
[08:09:12 INFO]: [ClaimChunk] Disabling ClaimChunk v0.0.21
[08:09:12 INFO]: [ClaimChunk] Finished disable.
[08:09:12 INFO]: [WorldGuard] Disabling WorldGuard v7.0.5+3827266
[08:09:12 INFO]: [WorldGuard] Shutting down executor and cancelling any pending tasks...
[08:09:12 INFO]: Disabling EssentialsSpawn v2.19.7
[08:09:12 INFO]: Disabling EssentialsAntiBuild v2.19.7
[08:09:12 INFO]: Disabling EssentialsChat v2.19.7
[08:09:12 INFO]: Disabling Essentials v2.19.7
[08:09:12 INFO]: [Vault] [Economy] Essentials Economy unhooked.
[08:09:12 INFO]: [SkinsRestorer] Disabling SkinsRestorer v14.2.12
[08:09:12 INFO]: [WorldEdit] Disabling WorldEdit v7.2.5+57d5ac9
[08:09:12 INFO]: Unregistering com.sk89q.worldedit.bukkit.BukkitServerInterface from WorldEdit
[08:09:12 INFO]: [ProtocolLib] Disabling ProtocolLib v4.8.0
[08:09:12 INFO]: [Vault] Disabling Vault v1.7.3-b131
[08:09:12 INFO]: [Chunky] Disabling Chunky v1.2.217
[08:09:12 INFO]: Saving players
[08:09:12 INFO]: Saving worlds
[08:09:12 INFO]: Saving chunks for level 'ServerLevel[world]'/minecraft:overworld
[08:09:13 INFO]: ThreadedAnvilChunkStorage (world): All chunks are saved
[08:09:13 INFO]: Saving chunks for level 'ServerLevel[DIM-1]'/minecraft:the_nether
[08:09:13 INFO]: ThreadedAnvilChunkStorage (DIM-1): All chunks are saved
[08:09:13 INFO]: Saving chunks for level 'ServerLevel[DIM1]'/minecraft:the_end
[08:09:13 INFO]: ThreadedAnvilChunkStorage (DIM1): All chunks are saved
[08:09:14 INFO]: Saving usercache.json
